[2023-12-08T15:29:35.880+0000][gc] Using G1
[2023-12-08T15:29:35.895+0000][gc,init] Version: 17.0.8.1+1-LTS (release)
[2023-12-08T15:29:35.895+0000][gc,init] CPUs: 2 total, 2 available
[2023-12-08T15:29:35.895+0000][gc,init] Memory: 7929M
[2023-12-08T15:29:35.895+0000][gc,init] Large Page Support: Disabled
[2023-12-08T15:29:35.895+0000][gc,init] NUMA Support: Disabled
[2023-12-08T15:29:35.895+0000][gc,init] Compressed Oops: Enabled (32-bit)
[2023-12-08T15:29:35.895+0000][gc,init] Heap Region Size: 1M
[2023-12-08T15:29:35.895+0000][gc,init] Heap Min Capacity: 1G
[2023-12-08T15:29:35.895+0000][gc,init] Heap Initial Capacity: 1G
[2023-12-08T15:29:35.895+0000][gc,init] Heap Max Capacity: 1G
[2023-12-08T15:29:35.895+0000][gc,init] Pre-touch: Disabled
[2023-12-08T15:29:35.895+0000][gc,init] Parallel Workers: 2
[2023-12-08T15:29:35.895+0000][gc,init] Concurrent Workers: 1
[2023-12-08T15:29:35.895+0000][gc,init] Concurrent Refinement Workers: 2
[2023-12-08T15:29:35.895+0000][gc,init] Periodic GC: Disabled
[2023-12-08T15:29:35.902+0000][gc,metaspace] CDS archive(s) mapped at: [0x00007f66cb000000-0x00007f66cbbeb000-0x00007f66cbbeb000), size 12496896, SharedBaseAddress: 0x00007f66cb000000, ArchiveRelocationMode: 1.
[2023-12-08T15:29:35.902+0000][gc,metaspace] Compressed class space mapped at: 0x00007f66cc000000-0x00007f670c000000, reserved size: 1073741824
[2023-12-08T15:29:35.902+0000][gc,metaspace] Narrow klass base: 0x00007f66cb000000, Narrow klass shift: 0, Narrow klass range: 0x100000000
[2023-12-08T15:29:37.675+0000][gc,start    ] GC(0) Pause Young (Normal) (G1 Evacuation Pause)
[2023-12-08T15:29:37.676+0000][gc,task     ] GC(0) Using 2 workers of 2 for evacuation
[2023-12-08T15:29:37.690+0000][gc,phases   ] GC(0)   Pre Evacuate Collection Set: 0.2ms
[2023-12-08T15:29:37.690+0000][gc,phases   ] GC(0)   Merge Heap Roots: 0.1ms
[2023-12-08T15:29:37.690+0000][gc,phases   ] GC(0)   Evacuate Collection Set: 13.5ms
[2023-12-08T15:29:37.690+0000][gc,phases   ] GC(0)   Post Evacuate Collection Set: 0.7ms
[2023-12-08T15:29:37.690+0000][gc,phases   ] GC(0)   Other: 0.5ms
[2023-12-08T15:29:37.690+0000][gc,heap     ] GC(0) Eden regions: 51->0(44)
[2023-12-08T15:29:37.690+0000][gc,heap     ] GC(0) Survivor regions: 0->7(7)
[2023-12-08T15:29:37.690+0000][gc,heap     ] GC(0) Old regions: 0->0
[2023-12-08T15:29:37.690+0000][gc,heap     ] GC(0) Archive regions: 2->2
[2023-12-08T15:29:37.690+0000][gc,heap     ] GC(0) Humongous regions: 0->0
[2023-12-08T15:29:37.690+0000][gc,metaspace] GC(0) Metaspace: 19227K(19392K)->19227K(19392K) NonClass: 16671K(16768K)->16671K(16768K) Class: 2556K(2624K)->2556K(2624K)
[2023-12-08T15:29:37.690+0000][gc          ] GC(0) Pause Young (Normal) (G1 Evacuation Pause) 51M->7M(1024M) 15.050ms
[2023-12-08T15:29:37.690+0000][gc,cpu      ] GC(0) User=0.02s Sys=0.00s Real=0.01s
[2023-12-08T15:29:37.865+0000][gc,start    ] GC(1) Pause Young (Concurrent Start) (Metadata GC Threshold)
[2023-12-08T15:29:37.865+0000][gc,task     ] GC(1) Using 2 workers of 2 for evacuation
[2023-12-08T15:29:37.874+0000][gc,phases   ] GC(1)   Pre Evacuate Collection Set: 0.2ms
[2023-12-08T15:29:37.874+0000][gc,phases   ] GC(1)   Merge Heap Roots: 0.1ms
[2023-12-08T15:29:37.874+0000][gc,phases   ] GC(1)   Evacuate Collection Set: 7.9ms
[2023-12-08T15:29:37.874+0000][gc,phases   ] GC(1)   Post Evacuate Collection Set: 0.4ms
[2023-12-08T15:29:37.874+0000][gc,phases   ] GC(1)   Other: 0.2ms
[2023-12-08T15:29:37.874+0000][gc,heap     ] GC(1) Eden regions: 9->0(49)
[2023-12-08T15:29:37.874+0000][gc,heap     ] GC(1) Survivor regions: 7->2(7)
[2023-12-08T15:29:37.874+0000][gc,heap     ] GC(1) Old regions: 0->7
[2023-12-08T15:29:37.874+0000][gc,heap     ] GC(1) Archive regions: 2->2
[2023-12-08T15:29:37.874+0000][gc,heap     ] GC(1) Humongous regions: 129->129
[2023-12-08T15:29:37.874+0000][gc,metaspace] GC(1) Metaspace: 21352K(21504K)->21352K(21504K) NonClass: 18511K(18560K)->18511K(18560K) Class: 2840K(2944K)->2840K(2944K)
[2023-12-08T15:29:37.874+0000][gc          ] GC(1) Pause Young (Concurrent Start) (Metadata GC Threshold) 145M->138M(1024M) 9.049ms
[2023-12-08T15:29:37.874+0000][gc,cpu      ] GC(1) User=0.01s Sys=0.00s Real=0.01s
[2023-12-08T15:29:37.874+0000][gc          ] GC(2) Concurrent Mark Cycle
[2023-12-08T15:29:37.874+0000][gc,marking  ] GC(2) Concurrent Clear Claimed Marks
[2023-12-08T15:29:37.874+0000][gc,marking  ] GC(2) Concurrent Clear Claimed Marks 0.029ms
[2023-12-08T15:29:37.874+0000][gc,marking  ] GC(2) Concurrent Scan Root Regions
[2023-12-08T15:29:37.878+0000][gc,marking  ] GC(2) Concurrent Scan Root Regions 3.750ms
[2023-12-08T15:29:37.879+0000][gc,marking  ] GC(2) Concurrent Mark
[2023-12-08T15:29:37.879+0000][gc,marking  ] GC(2) Concurrent Mark From Roots
[2023-12-08T15:29:37.879+0000][gc,task     ] GC(2) Using 1 workers of 1 for marking
[2023-12-08T15:29:37.882+0000][gc,marking  ] GC(2) Concurrent Mark From Roots 2.822ms
[2023-12-08T15:29:37.882+0000][gc,marking  ] GC(2) Concurrent Preclean
[2023-12-08T15:29:37.882+0000][gc,marking  ] GC(2) Concurrent Preclean 0.061ms
[2023-12-08T15:29:37.882+0000][gc,start    ] GC(2) Pause Remark
[2023-12-08T15:29:37.884+0000][gc          ] GC(2) Pause Remark 139M->139M(1024M) 2.124ms
[2023-12-08T15:29:37.884+0000][gc,cpu      ] GC(2) User=0.00s Sys=0.00s Real=0.01s
[2023-12-08T15:29:37.884+0000][gc,marking  ] GC(2) Concurrent Mark 5.545ms
[2023-12-08T15:29:37.884+0000][gc,marking  ] GC(2) Concurrent Rebuild Remembered Sets
[2023-12-08T15:29:37.885+0000][gc,marking  ] GC(2) Concurrent Rebuild Remembered Sets 0.026ms
[2023-12-08T15:29:37.885+0000][gc,start    ] GC(2) Pause Cleanup
[2023-12-08T15:29:37.885+0000][gc          ] GC(2) Pause Cleanup 139M->139M(1024M) 0.028ms
[2023-12-08T15:29:37.885+0000][gc,cpu      ] GC(2) User=0.00s Sys=0.00s Real=0.00s
[2023-12-08T15:29:37.885+0000][gc,marking  ] GC(2) Concurrent Cleanup for Next Mark
[2023-12-08T15:29:37.896+0000][gc,marking  ] GC(2) Concurrent Cleanup for Next Mark 10.750ms
[2023-12-08T15:29:37.896+0000][gc          ] GC(2) Concurrent Mark Cycle 21.777ms
[2023-12-08T15:48:07.861+0000][gc,start    ] GC(3) Pause Young (Normal) (G1 Evacuation Pause)
[2023-12-08T15:48:07.861+0000][gc,task     ] GC(3) Using 2 workers of 2 for evacuation
[2023-12-08T15:48:07.868+0000][gc,phases   ] GC(3)   Pre Evacuate Collection Set: 0.4ms
[2023-12-08T15:48:07.868+0000][gc,phases   ] GC(3)   Merge Heap Roots: 0.1ms
[2023-12-08T15:48:07.868+0000][gc,phases   ] GC(3)   Evacuate Collection Set: 5.2ms
[2023-12-08T15:48:07.868+0000][gc,phases   ] GC(3)   Post Evacuate Collection Set: 0.4ms
[2023-12-08T15:48:07.868+0000][gc,phases   ] GC(3)   Other: 0.1ms
[2023-12-08T15:48:07.868+0000][gc,heap     ] GC(3) Eden regions: 49->0(46)
[2023-12-08T15:48:07.868+0000][gc,heap     ] GC(3) Survivor regions: 2->5(7)
[2023-12-08T15:48:07.868+0000][gc,heap     ] GC(3) Old regions: 7->7
[2023-12-08T15:48:07.868+0000][gc,heap     ] GC(3) Archive regions: 2->2
[2023-12-08T15:48:07.868+0000][gc,heap     ] GC(3) Humongous regions: 129->129
[2023-12-08T15:48:07.868+0000][gc,metaspace] GC(3) Metaspace: 32131K(32384K)->32131K(32384K) NonClass: 28324K(28480K)->28324K(28480K) Class: 3806K(3904K)->3806K(3904K)
[2023-12-08T15:48:07.868+0000][gc          ] GC(3) Pause Young (Normal) (G1 Evacuation Pause) 187M->141M(1024M) 6.520ms
[2023-12-08T15:48:07.868+0000][gc,cpu      ] GC(3) User=0.02s Sys=0.00s Real=0.01s
[2023-12-08T16:27:25.890+0000][gc,start    ] GC(4) Pause Young (Concurrent Start) (Metadata GC Threshold)
[2023-12-08T16:27:25.890+0000][gc,task     ] GC(4) Using 2 workers of 2 for evacuation
[2023-12-08T16:27:25.899+0000][gc,phases   ] GC(4)   Pre Evacuate Collection Set: 0.2ms
[2023-12-08T16:27:25.899+0000][gc,phases   ] GC(4)   Merge Heap Roots: 0.1ms
[2023-12-08T16:27:25.899+0000][gc,phases   ] GC(4)   Evacuate Collection Set: 7.2ms
[2023-12-08T16:27:25.899+0000][gc,phases   ] GC(4)   Post Evacuate Collection Set: 0.6ms
[2023-12-08T16:27:25.899+0000][gc,phases   ] GC(4)   Other: 0.6ms
[2023-12-08T16:27:25.899+0000][gc,heap     ] GC(4) Eden regions: 34->0(49)
[2023-12-08T16:27:25.899+0000][gc,heap     ] GC(4) Survivor regions: 5->2(7)
[2023-12-08T16:27:25.899+0000][gc,heap     ] GC(4) Old regions: 7->12
[2023-12-08T16:27:25.899+0000][gc,heap     ] GC(4) Archive regions: 2->2
[2023-12-08T16:27:25.899+0000][gc,heap     ] GC(4) Humongous regions: 129->129
[2023-12-08T16:27:25.899+0000][gc,metaspace] GC(4) Metaspace: 35921K(36288K)->35921K(36288K) NonClass: 31565K(31744K)->31565K(31744K) Class: 4355K(4544K)->4355K(4544K)
[2023-12-08T16:27:25.899+0000][gc          ] GC(4) Pause Young (Concurrent Start) (Metadata GC Threshold) 174M->143M(1024M) 9.013ms
[2023-12-08T16:27:25.899+0000][gc,cpu      ] GC(4) User=0.02s Sys=0.01s Real=0.01s
[2023-12-08T16:27:25.899+0000][gc          ] GC(5) Concurrent Mark Cycle
[2023-12-08T16:27:25.899+0000][gc,marking  ] GC(5) Concurrent Clear Claimed Marks
[2023-12-08T16:27:25.899+0000][gc,marking  ] GC(5) Concurrent Clear Claimed Marks 0.058ms
[2023-12-08T16:27:25.899+0000][gc,marking  ] GC(5) Concurrent Scan Root Regions
[2023-12-08T16:27:25.906+0000][gc,marking  ] GC(5) Concurrent Scan Root Regions 6.160ms
[2023-12-08T16:27:25.906+0000][gc,marking  ] GC(5) Concurrent Mark
[2023-12-08T16:27:25.906+0000][gc,marking  ] GC(5) Concurrent Mark From Roots
[2023-12-08T16:27:25.906+0000][gc,task     ] GC(5) Using 1 workers of 1 for marking
[2023-12-08T16:27:25.913+0000][gc,marking  ] GC(5) Concurrent Mark From Roots 7.301ms
[2023-12-08T16:27:25.913+0000][gc,marking  ] GC(5) Concurrent Preclean
[2023-12-08T16:27:25.913+0000][gc,marking  ] GC(5) Concurrent Preclean 0.213ms
[2023-12-08T16:27:25.913+0000][gc,start    ] GC(5) Pause Remark
[2023-12-08T16:27:25.920+0000][gc          ] GC(5) Pause Remark 143M->143M(1024M) 6.763ms
[2023-12-08T16:27:25.920+0000][gc,cpu      ] GC(5) User=0.01s Sys=0.00s Real=0.00s
[2023-12-08T16:27:25.920+0000][gc,marking  ] GC(5) Concurrent Mark 14.897ms
[2023-12-08T16:27:25.921+0000][gc,marking  ] GC(5) Concurrent Rebuild Remembered Sets
[2023-12-08T16:27:25.927+0000][gc,marking  ] GC(5) Concurrent Rebuild Remembered Sets 6.525ms
[2023-12-08T16:27:25.927+0000][gc,start    ] GC(5) Pause Cleanup
[2023-12-08T16:27:25.927+0000][gc          ] GC(5) Pause Cleanup 143M->143M(1024M) 0.189ms
[2023-12-08T16:27:25.927+0000][gc,cpu      ] GC(5) User=0.00s Sys=0.00s Real=0.00s
[2023-12-08T16:27:25.928+0000][gc,marking  ] GC(5) Concurrent Cleanup for Next Mark
[2023-12-08T16:27:25.930+0000][gc,marking  ] GC(5) Concurrent Cleanup for Next Mark 2.655ms
[2023-12-08T16:27:25.930+0000][gc          ] GC(5) Concurrent Mark Cycle 30.997ms
[2023-12-08T16:47:03.214+0000][gc,start    ] GC(6) Pause Young (Normal) (G1 Evacuation Pause)
[2023-12-08T16:47:03.215+0000][gc,task     ] GC(6) Using 2 workers of 2 for evacuation
[2023-12-08T16:47:03.228+0000][gc,phases   ] GC(6)   Pre Evacuate Collection Set: 0.1ms
[2023-12-08T16:47:03.228+0000][gc,phases   ] GC(6)   Merge Heap Roots: 0.1ms
[2023-12-08T16:47:03.228+0000][gc,phases   ] GC(6)   Evacuate Collection Set: 10.0ms
[2023-12-08T16:47:03.228+0000][gc,phases   ] GC(6)   Post Evacuate Collection Set: 2.8ms
[2023-12-08T16:47:03.229+0000][gc,phases   ] GC(6)   Other: 0.9ms
[2023-12-08T16:47:03.229+0000][gc,heap     ] GC(6) Eden regions: 49->0(47)
[2023-12-08T16:47:03.229+0000][gc,heap     ] GC(6) Survivor regions: 2->4(7)
[2023-12-08T16:47:03.229+0000][gc,heap     ] GC(6) Old regions: 12->12
[2023-12-08T16:47:03.229+0000][gc,heap     ] GC(6) Archive regions: 2->2
[2023-12-08T16:47:03.229+0000][gc,heap     ] GC(6) Humongous regions: 129->129
[2023-12-08T16:47:03.229+0000][gc,metaspace] GC(6) Metaspace: 36430K(36864K)->36430K(36864K) NonClass: 32074K(32320K)->32074K(32320K) Class: 4356K(4544K)->4356K(4544K)
[2023-12-08T16:47:03.229+0000][gc          ] GC(6) Pause Young (Normal) (G1 Evacuation Pause) 192M->144M(1024M) 14.907ms
[2023-12-08T16:47:03.229+0000][gc,cpu      ] GC(6) User=0.01s Sys=0.00s Real=0.01s
