[2023-12-08T15:25:10.841+0000][gc] Using G1
[2023-12-08T15:25:10.849+0000][gc,init] Version: 17.0.8.1+1-LTS (release)
[2023-12-08T15:25:10.849+0000][gc,init] CPUs: 2 total, 2 available
[2023-12-08T15:25:10.849+0000][gc,init] Memory: 7929M
[2023-12-08T15:25:10.850+0000][gc,init] Large Page Support: Disabled
[2023-12-08T15:25:10.850+0000][gc,init] NUMA Support: Disabled
[2023-12-08T15:25:10.850+0000][gc,init] Compressed Oops: Enabled (32-bit)
[2023-12-08T15:25:10.850+0000][gc,init] Heap Region Size: 1M
[2023-12-08T15:25:10.850+0000][gc,init] Heap Min Capacity: 512M
[2023-12-08T15:25:10.850+0000][gc,init] Heap Initial Capacity: 512M
[2023-12-08T15:25:10.850+0000][gc,init] Heap Max Capacity: 512M
[2023-12-08T15:25:10.850+0000][gc,init] Pre-touch: Disabled
[2023-12-08T15:25:10.850+0000][gc,init] Parallel Workers: 2
[2023-12-08T15:25:10.851+0000][gc,init] Concurrent Workers: 1
[2023-12-08T15:25:10.851+0000][gc,init] Concurrent Refinement Workers: 2
[2023-12-08T15:25:10.851+0000][gc,init] Periodic GC: Disabled
[2023-12-08T15:25:10.857+0000][gc,metaspace] CDS archive(s) mapped at: [0x00007f8b97000000-0x00007f8b97beb000-0x00007f8b97beb000), size 12496896, SharedBaseAddress: 0x00007f8b97000000, ArchiveRelocationMode: 1.
[2023-12-08T15:25:10.858+0000][gc,metaspace] Compressed class space mapped at: 0x00007f8b98000000-0x00007f8bd8000000, reserved size: 1073741824
[2023-12-08T15:25:10.858+0000][gc,metaspace] Narrow klass base: 0x00007f8b97000000, Narrow klass shift: 0, Narrow klass range: 0x100000000
[2023-12-08T15:25:56.576+0000][gc,heap,exit] Heap
[2023-12-08T15:25:56.576+0000][gc,heap,exit]  garbage-first heap   total 524288K, used 21994K [0x00000000e0000000, 0x0000000100000000)
[2023-12-08T15:25:56.576+0000][gc,heap,exit]   region size 1024K, 21 young (21504K), 0 survivors (0K)
[2023-12-08T15:25:56.576+0000][gc,heap,exit]  Metaspace       used 7148K, committed 7360K, reserved 1114112K
[2023-12-08T15:25:56.576+0000][gc,heap,exit]   class space    used 803K, committed 896K, reserved 1048576K
